
> frontend@0.0.0 build
> vite build

[36mvite v7.2.4 [32mbuilding client environment for production...[36m[39m
transforming...
[32m鉁?[39m 2234 modules transformed.
rendering chunks...
computing gzip size...
[2mdist/[22m[32mindex.html                 [39m[1m[2m  0.62 kB[22m[1m[22m[2m 鈹?gzip:   0.38 kB[22m
[2mdist/[22m[35massets/index-Dg-7P0PO.css  [39m[1m[2m 60.79 kB[22m[1m[22m[2m 鈹?gzip:  10.99 kB[22m
[2mdist/[22m[36massets/index-CNxKMSUj.js   [39m[1m[2m577.14 kB[22m[1m[22m[2m 鈹?gzip: 183.78 kB[22m
[32m鉁?built in 8.74s[39m
